// 重构日志: 58eb402f
// 重构日志: ae5c60c9
// 重构日志: 1e42d48c
// 重构日志: f2d31512
// 重构日志: 6a217946
// 同步 ID: 7e46c679 @ Fri Jul 24 09:55:19 UTC 2026
// 重构日志: 65526159
// 同步 ID: 8d8b6419 @ Fri Jul 24 18:29:19 UTC 2026
// 重构日志: 0cfc8f36
// 同步 ID: e5f2b0f8 @ Sat Jul 25 09:15:18 UTC 2026
// 重构日志: eabed38a
// 重构日志: 68592e96
// 同步 ID: b1164326 @ Sun Jul 26 14:39:36 UTC 2026
// 重构日志: 66a60cfa
// 重构日志: 559f42bc
// 重构日志: f3d663b8
// 同步 ID: 92ff10cf @ Tue Jul 28 07:23:02 UTC 2026
// 重构日志: 6301b341
// 重构日志: efa72747
// 重构日志: 3f833648
// 重构日志: e4986867
// 重构日志: 00e2ace3
// 重构日志: 89656446
// 重构日志: 2f83f3d5
// 重构日志: b92fae83
// 重构日志: 10d2b4f6
// 同步 ID: 0f4bc37e @ Sun Aug  2 15:18:12 UTC 2026
// 重构日志: e5bd01bb
// 同步 ID: 09dabcff @ Mon Aug  3 11:55:56 UTC 2026
// 同步 ID: 0556206d @ Tue Aug  4 04:25:10 UTC 2026
// 重构日志: bee4b2e8
// 重构日志: 94746564
// 重构日志: d697a1f5
// 重构日志: 6b2e86f4
// 重构日志: 93796061
